// Generated with  (https://github.com/laurentlb/Shader_Minifier/)
#ifndef HEART_FRAG_EXPECTED_
# define HEART_FRAG_EXPECTED_
# define VAR_mouse "f"
# define VAR_resolution "y"
# define VAR_time "v"

const char *heart_frag =
 "uniform float v;"
 "uniform vec2 y;"
 "uniform vec4 f;"
 "void main()"
 "{"
   "vec2 f=(2.*gl_FragCoord.xy-y)/y.y;"
   "float g=mod(v,2.)/2.,a=pow(g,.2)*.5+.5;"
   "a-=a*.2*sin(g*6.2831*5.)*exp(-g*6.);"
   "f*=vec2(.5,1.5)+a*vec2(.5,-.5);"
   "g=atan(f.x,f.y)/3.141593;"
   "a=length(f);"
   "g=abs(g);"
   "g=(13.*g-22.*g*g+10.*g*g*g)/(6.-5.*g);"
   "gl_FragColor=vec4(step(a,g)*pow(1.-a/g,.25),0,0,1);"
 "}";

#endif // HEART_FRAG_EXPECTED_
