void test()
{
  x(acos(-1.));
  x(3.1415927);
  x(1e28);
  x(125.663704/180.);
  x(.6981316889);
  x(100000005.);
  x(124e25);
  x(12e26);
  x(1e27);
  x(124e2);
  x(12e3);
  x(1e4);
  x(1240.);
  x(12e2);
  x(1e3);
  x(124.);
  x(120.);
  x(1e2);
  x(12.4);
  x(12.);
  x(10.);
  x(1.24);
  x(1.2);
  x(1.);
  x(.124);
  x(.12);
  x(.1);
  x(.0124);
  x(.012);
  x(.01);
  x(.00124);
  x(.0012);
  x(.001);
  x(124e-6);
  x(12e-5);
  x(1e-4);
  x(0.);
  x(0.);
  x(0.);
  x(0.);
  x(0.);
}
