{"mappings":{},"shaders":{"tests/unit/file name with-weird caract√®res.frag":"void main(){gl_FragColor=vec4(.33,.66,.99,1);}"}}
