// Generated with  (https://github.com/laurentlb/Shader_Minifier/)
#ifndef FUNCTION_OVERLOAD_EXPECTED_
# define FUNCTION_OVERLOAD_EXPECTED_

const char *function_overload_frag =
 "int h()"
 "{"
   "return 0;"
 "}"
 "int h(int l)"
 "{"
   "return h()+l;"
 "}"
 "int h(int i,int l)"
 "{"
   "return h(i)+l;"
 "}"
 "int h(int i,int l,int f)"
 "{"
   "return h(i,l)+f;"
 "}"
 "int h(int i,int l,int v,int f)"
 "{"
   "return h(i,l,v)+f;"
 "}"
 "float h(vec2 i)"
 "{"
   "return length(i);"
 "}"
 "float h(vec3 i)"
 "{"
   "return length(i);"
 "}"
 "float h(int i,vec2 l)"
 "{"
   "return length(l)+float(i);"
 "}"
 "float h(float l,vec2 i)"
 "{"
   "return length(i)+l;"
 "}"
 "int l(int l)"
 "{"
   "return l;"
 "}"
 "int l(int i,int f)"
 "{"
   "return l(i)*f;"
 "}"
 "int l(int i,int v,int f)"
 "{"
   "return l(i,v)*f;"
 "}"
 "void l(const int i,vec2 l){}"
 "int l(float i,vec2 l)"
 "{"
   "return 0;"
 "}";

#endif // FUNCTION_OVERLOAD_EXPECTED_
