// Generated with  (https://github.com/laurentlb/Shader_Minifier/)
#ifndef FUNCTION_OVERLOAD_NO_EXPECTED_
# define FUNCTION_OVERLOAD_NO_EXPECTED_

const char *function_overload_frag =
 "int h()"
 "{"
   "return 0;"
 "}"
 "int l(int l)"
 "{"
   "return h()+l;"
 "}"
 "int i(int i,int H)"
 "{"
   "return l(i)+H;"
 "}"
 "int t(int l,int H,int I)"
 "{"
   "return i(l,H)+I;"
 "}"
 "int N(int i,int l,int H,int I)"
 "{"
   "return t(i,l,H)+I;"
 "}"
 "float M(vec2 i)"
 "{"
   "return length(i);"
 "}"
 "float L(vec3 i)"
 "{"
   "return length(i);"
 "}"
 "float K(int i,vec2 l)"
 "{"
   "return length(l)+float(i);"
 "}"
 "float J(float l,vec2 i)"
 "{"
   "return length(i)+l;"
 "}"
 "int I(int i)"
 "{"
   "return i;"
 "}"
 "int H(int i,int l)"
 "{"
   "return I(i)*l;"
 "}"
 "int G(int i,int l,int I)"
 "{"
   "return H(i,l)*I;"
 "}"
 "void F(const int i,vec2 l){}"
 "int E(float i,vec2 l)"
 "{"
   "return 0;"
 "}";

#endif // FUNCTION_OVERLOAD_NO_EXPECTED_
