// Generated with  (https://github.com/laurentlb/Shader_Minifier/)
#ifndef MACROS_EXPECTED_
# define MACROS_EXPECTED_

const char *macros_frag =
 "#define a $\n"
 "#define b ($+)\n"
 "#define c $+\n"
 "#define d abc def+ghi()\n"
 "#define e $\n"
 "#define f $\n"
 "#define g $\n"
 "#define h $\n"
 "#define i $\n"
 "#define j $\n"
 "#define k $\n"
 "#define l $\n"
 "#define m $\n"
 "#define n $\n"
 "#define o $\n"
 "#define p $\n"
 "int E()"
 "{"
   "int E=1,r=2,C=3,B=4,A=5,D=6,F=7;"
   "F=8;"
   "D=9;"
   "B=10;"
   "C=11;"
   "r=12;"
   "return E+A+r;"
 "}";

#endif // MACROS_EXPECTED_
