// Generated with  (https://github.com/laurentlb/Shader_Minifier/)
#ifndef SHADER_MINIFIER_IMPL
#ifndef SHADER_MINIFIER_HEADER
# define SHADER_MINIFIER_HEADER
#endif

#else // if SHADER_MINIFIER_IMPL

// tests/unit/operators.frag
 "#version 330\n"
 "float notmain()"
 "{"
   "int a=11,b=7,c=2;"
   "float f=1.4/3.,g=mod(8.,3.),z=122121;"
   "return a+b+c+f+g+z;"
 "}"
 "int no_parens(int a,int b,int c)"
 "{"
   "return a+b+c+a+b*c;"
 "}"
 "int no_parens2(int a,int b,int c)"
 "{"
   "int d=b*c*a;"
   "return a-b+1-d+c;"
 "}"
 "int other(int a,int b,int c,int d)"
 "{"
   "return a*b*(c*d)*(a*b);"
 "}"
 "float f(float x)"
 "{"
   "x=(x+=1.,length(vec3(x)));"
   "return x*x*sin((x*=x,x));"
 "}"
 "float desugar_compound_assignment_for_ternary(float x)"
 "{"
   "x+=x*x;"
   "x=x==sqrt(x)?"
     "x+cos(x):"
     "x*sin(x);"
   "return x*x;"
 "}"
 "float cool_ops(float g)"
 "{"
   "g=0.;"
   "g+=g+++ ++g;"
   "g/=-g+g;"
   "g-=-g--- --g;"
   "g*=g+g;"
   "return g+--g-++g;"
 "}"
 "float swap_op_order(float g)"
 "{"
   "float a=g*(g--*g--),b=g*((g+2.)*(g+3.));"
   "return a*b*g;"
 "}"
 "mat2 dont_swap_op_order(float g)"
 "{"
   "return mat3x2(g)*(mat4x3(g)*mat2x4(g));"
 "}",

#endif
