#version 300 es

precision highp float;
precision mediump int;
precision lowp sampler2D;
precision lowp samplerCube;
lowp float f(lowp float f)
{
  return 1.;
}
