#version 130

#define DEF bar

#define foo()bar

void keep_ifdef(){}
void keep_nested(){}
void keep_outernest(){}
void keep_else(){}

#undef DEF

void end(){}
