float simple_var_decl_reuse(float x)
{
  float a=1.+x;
  int b=3+int(x);
  vec3 sep=vec3(0);
  int b2=5+int(a);
  float c=a;
  sep+=vec3(0);
  a+=9.;
  int d=3+b+b2;
  sep+=vec3(0);
  b2=d+b2-b;
  float e=c*a;
  sep+=vec3(0);
  c=4.-c-a;
  b=3*d*b2;
  sep+=vec3(0);
  d=4/b2-d;
  a=e-float(b)+c;
  b2=int(4.-a+c+e);
  int h=3*b-d;
  sep+=vec3(0);
  d=7*d-b;
  return length(sep)+float(h*d)*a*float(b2)*x+float(b2/d-h);
}
float multidecl_var_decl_reuse(float x)
{
  float a=1.+x;
  int b=3+int(x),b2=5+int(a);
  float c=a;
  a+=9.;
  int d=3+b+b2;
  b=d+b2-b;
  float e=c*a;
  c=4.-c-a;
  b2=3*d*b;
  d=4/b-d;
  a=e-float(b2)+c;
  e+=4.-a+c;
  b=3*b2-d;
  d=7*d-b2;
  return float(b*d)*a*e*x+e/float(d-b);
}
vec2 map(vec3 p)
{
  vec2 tun=p.xy;
  tun.x++;
  vec3 fs=p-vec3(2.85,0,0);
  tun=floor(fs.xz)+.5;
  float height=smoothstep(.001,1.,.0465);
  height=min(dot(fs-vec3(0,0,tun.y),vec3(.05,.15+height,.25)),dot(fs-vec3(0,0,tun.y),vec3(.05,.001+height,.25)));
  return vec2(height*height);
}
