#version 460

struct r{float e;vec3 k;float M;};
r i;
uniform MyInterfaceBlock{r B;};
r t()
{
  return i;
}
int t(r i)
{
  return 1;
}
int I()
{
  r i;
  i.e=1.;
  i.M=i.e/2.;
  i=r(1.,vec3(1),i.M);
  struct{r O;} P;
  for(r i;true;)
    break;
  for(struct{r I;} i;true;)
    break;
  return int(i.k.x+P.O.e+B.M);
}
struct{r P;} O;
float I(vec4 i)
{
  float P=i.x-4.;
  return i.w+P*P;
}
