#version 130

void h()
{
  switch(42){
    case 42:
      break;
  }
}

#define GOOD 42

void G()
{
  switch(42){
    case GOOD:
      break;
  }
}
void G(int G)
{
  switch(G){
    case 0:
      break;
  }
}
void h(int G)
{
  switch(G+42){
    case 0:
      break;
  }
}
float D()
{
  switch(42){
    case 42:
      
      
      return 6.6;
    case 43:
      
      return 7.7;
    default:
      return 0.;
  }
}
void b(){}
int D(int G)
{
  switch(G){
    case 1:
      b();
    case 2:
      b();
    case 3:
      break;
    case 4:
      b();
      b();
      break;
    case 5:
      b();
      b();
      return 18;
  }
  return 1;
}
